<area shape="rect" href="$graph_8hh.html" title="graph.hh" alt="" coords="755,80,827,107">
<area shape="rect" href="$ejemplo6_8cc.html" title="ejemplo6.cc" alt="" coords="1029,230,1120,256">
<area shape="rect" href="$binarysimple_8icc.html" title="binarysimple.icc" alt="" coords="1336,155,1451,182">
<area shape="rect" href="$outadjsets_8icc.html" title="outadjsets.icc" alt="" coords="5,155,107,182">
<area shape="rect" href="$nodearcsets_8icc.html" title="nodearcsets.icc" alt="" coords="91,230,203,256">
<area shape="rect" href="$prop_8icc.html" title="prop.icc" alt="" coords="201,155,268,182">
<area shape="rect" href="$ejemplo1_8cc.html" title="ejemplo1.cc" alt="" coords="227,230,317,256">
<area shape="rect" href="$ejemplo2_8cc.html" title="ejemplo2.cc" alt="" coords="341,230,432,256">
<area shape="rect" href="$ejemplo3_8cc.html" title="ejemplo3.cc" alt="" coords="456,230,547,256">
<area shape="rect" href="$ejemplo4_8cc.html" title="ejemplo4.cc" alt="" coords="571,230,661,256">
<area shape="rect" href="$ejemplo5_8cc.html" title="ejemplo5.cc" alt="" coords="685,230,776,256">
<area shape="rect" href="$ejemplo7_8cc.html" title="ejemplo7.cc" alt="" coords="800,230,891,256">
<area shape="rect" href="$ejemplo8_8cc.html" title="ejemplo8.cc" alt="" coords="915,230,1005,256">
<area shape="rect" href="$graphutils_8icc.html" title="graphutils.icc" alt="" coords="655,155,753,182">
<area shape="rect" href="$pathgraphs_8icc.html" title="pathgraphs.icc" alt="" coords="1087,155,1193,182">
<area shape="rect" href="$view_8icc.html" title="view.icc" alt="" coords="113,304,180,331">
<area shape="rect" href="$path_2path_8icc.html" title="path.icc" alt="" coords="1144,230,1211,256">
<area shape="rect" href="$path_8icc.html" title="path.icc" alt="" coords="1169,304,1236,331">
<area shape="rect" href="$path_8hh.html" title="path.hh" alt="" coords="1219,379,1283,406">
