<area shape="rect" href="$binarysimple_8icc.html" title="binarysimple.icc" alt="" coords="2416,109,2531,136">
<area shape="rect" href="$graph_8hh.html" title="graph.hh" alt="" coords="2132,184,2204,210">
<area shape="rect" href="$stlutility_8icc.html" title="stlutility.icc" alt="" coords="2361,482,2447,509">
<area shape="rect" href="$var_8icc.html" title="var.icc" alt="" coords="2205,258,2264,285">
<area shape="rect" href="$view_8icc.html" title="view.icc" alt="" coords="1684,333,1751,360">
<area shape="rect" href="$path_8hh.html" title="path.hh" alt="" coords="3480,258,3544,285">
<area shape="rect" href="$branch_8icc.html" title="branch/branch.icc" alt="" coords="4187,333,4309,360">
<area shape="rect" href="$iter_8icc.html" title="view/iter.icc" alt="" coords="1841,408,1929,434">
<area shape="rect" href="$arcnode_8hh.html" title="view/arcnode.hh" alt="" coords="2623,482,2737,509">
<area shape="rect" href="$outadjsets_8icc.html" title="view/outadjsets.icc" alt="" coords="799,482,929,509">
<area shape="rect" href="$nodearcsets_8icc.html" title="view/nodearcsets.icc" alt="" coords="1021,408,1165,434">
<area shape="rect" href="$boundsgraphs_8icc.html" title="view/boundsgraphs.icc" alt="" coords="2183,408,2335,434">
<area shape="rect" href="$nodeset_8icc.html" title="view/nodeset.icc" alt="" coords="1487,408,1604,434">
<area shape="rect" href="$prop_8icc.html" title="prop.icc" alt="" coords="1991,482,2057,509">
<area shape="rect" href="$path_8icc.html" title="path.icc" alt="" coords="3029,333,3096,360">
<area shape="rect" href="$pathdegree_8icc.html" title="path/pathdegree.icc" alt="" coords="1308,482,1444,509">
<area shape="rect" href="$path_2path_8icc.html" title="path/path.icc" alt="" coords="3015,408,3111,434">
<area shape="rect" href="$pathgraphs_8icc.html" title="path/pathgraphs.icc" alt="" coords="1468,482,1604,509">
