<area shape="rect" href="$graphutils_8icc.html" title="graphutils.icc" alt="" coords="3561,80,3660,106">
<area shape="rect" href="$graph_8hh.html" title="graph.hh" alt="" coords="635,154,707,181">
<area shape="rect" href="$stlutility_8icc.html" title="stlutility.icc" alt="" coords="725,378,811,405">
<area shape="rect" href="$var_8icc.html" title="var.icc" alt="" coords="599,229,657,256">
<area shape="rect" href="$view_8icc.html" title="view.icc" alt="" coords="2120,229,2187,256">
<area shape="rect" href="$path_8hh.html" title="path.hh" alt="" coords="681,229,745,256">
<area shape="rect" href="$binarysimple_8hh.html" title="binarysimple.hh" alt="" coords="316,229,428,256">
<area shape="rect" href="$branch_8icc.html" title="branch/branch.icc" alt="" coords="452,229,575,256">
<area shape="rect" href="$iter_8icc.html" title="view/iter.icc" alt="" coords="1661,304,1749,330">
<area shape="rect" href="$arcnode_8hh.html" title="view/arcnode.hh" alt="" coords="936,378,1051,405">
<area shape="rect" href="$outadjsets_8icc.html" title="view/outadjsets.icc" alt="" coords="2688,304,2819,330">
<area shape="rect" href="$nodearcsets_8icc.html" title="view/nodearcsets.icc" alt="" coords="2004,304,2148,330">
<area shape="rect" href="$boundsgraphs_8icc.html" title="view/boundsgraphs.icc" alt="" coords="635,304,787,330">
<area shape="rect" href="$nodeset_8icc.html" title="view/nodeset.icc" alt="" coords="2172,304,2289,330">
<area shape="rect" href="$prop_8icc.html" title="prop.icc" alt="" coords="635,378,701,405">
<area shape="rect" href="$path_8icc.html" title="path.icc" alt="" coords="1109,304,1176,330">
<area shape="rect" href="$pathdegree_8icc.html" title="path/pathdegree.icc" alt="" coords="1075,378,1211,405">
<area shape="rect" href="$path_2path_8icc.html" title="path/path.icc" alt="" coords="1560,378,1656,405">
<area shape="rect" href="$binarysimple_8icc.html" title="binarysimple.icc" alt="" coords="243,304,357,330">
