<area shape="rect" href="$graphutils_8icc.html" title="graphutils.icc" alt="" coords="2667,80,2765,106">
<area shape="rect" href="$graph_8hh.html" title="graph.hh" alt="" coords="2812,154,2884,181">
<area shape="rect" href="$binarysimple_8hh.html" title="binarysimple.hh" alt="" coords="3411,229,3523,256">
<area shape="rect" href="$var_8icc.html" title="var.icc" alt="" coords="3044,229,3103,256">
<area shape="rect" href="$view_8icc.html" title="view.icc" alt="" coords="2756,229,2823,256">
<area shape="rect" href="$path_8hh.html" title="path.hh" alt="" coords="3225,229,3289,256">
<area shape="rect" href="$branch_8icc.html" title="branch/branch.icc" alt="" coords="2897,229,3020,256">
<area shape="rect" href="$iter_8icc.html" title="view/iter.icc" alt="" coords="3127,304,3215,330">
<area shape="rect" href="$arcnode_8hh.html" title="view/arcnode.hh" alt="" coords="3267,378,3381,405">
<area shape="rect" href="$outadjsets_8icc.html" title="view/outadjsets.icc" alt="" coords="1029,304,1160,330">
<area shape="rect" href="$nodearcsets_8icc.html" title="view/nodearcsets.icc" alt="" coords="1676,304,1820,330">
<area shape="rect" href="$boundsgraphs_8icc.html" title="view/boundsgraphs.icc" alt="" coords="3289,304,3441,330">
<area shape="rect" href="$nodeset_8icc.html" title="view/nodeset.icc" alt="" coords="2705,304,2823,330">
<area shape="rect" href="$prop_8icc.html" title="prop.icc" alt="" coords="2405,378,2472,405">
<area shape="rect" href="$path_8icc.html" title="path.icc" alt="" coords="2847,304,2913,330">
<area shape="rect" href="$pathdegree_8icc.html" title="path/pathdegree.icc" alt="" coords="2195,378,2331,405">
<area shape="rect" href="$path_2path_8icc.html" title="path/path.icc" alt="" coords="2808,378,2904,405">
<area shape="rect" href="$binarysimple_8icc.html" title="binarysimple.icc" alt="" coords="2988,304,3103,330">
<area shape="rect" href="$stlutility_8icc.html" title="stlutility.icc" alt="" coords="2547,378,2632,405">
