<area shape="rect" href="$graph_8hh.html" title="graph.hh" alt="" coords="728,154,800,181">
<area shape="rect" href="$stlutility_8icc.html" title="stlutility.icc" alt="" coords="875,378,960,405">
<area shape="rect" href="$graphutils_8icc.html" title="graphutils.icc" alt="" coords="2845,80,2944,106">
<area shape="rect" href="$var_8icc.html" title="var.icc" alt="" coords="681,229,740,256">
<area shape="rect" href="$view_8icc.html" title="view.icc" alt="" coords="1325,229,1392,256">
<area shape="rect" href="$path_8hh.html" title="path.hh" alt="" coords="257,229,321,256">
<area shape="rect" href="$binarysimple_8hh.html" title="binarysimple.hh" alt="" coords="495,229,607,256">
<area shape="rect" href="$branch_8icc.html" title="branch/branch.icc" alt="" coords="764,229,887,256">
<area shape="rect" href="$iter_8icc.html" title="view/iter.icc" alt="" coords="1035,304,1123,330">
<area shape="rect" href="$arcnode_8hh.html" title="view/arcnode.hh" alt="" coords="400,378,515,405">
<area shape="rect" href="$outadjsets_8icc.html" title="view/outadjsets.icc" alt="" coords="2727,304,2857,330">
<area shape="rect" href="$nodearcsets_8icc.html" title="view/nodearcsets.icc" alt="" coords="2363,304,2507,330">
<area shape="rect" href="$boundsgraphs_8icc.html" title="view/boundsgraphs.icc" alt="" coords="463,304,615,330">
<area shape="rect" href="$nodeset_8icc.html" title="view/nodeset.icc" alt="" coords="1288,304,1405,330">
<area shape="rect" href="$prop_8icc.html" title="prop.icc" alt="" coords="1416,378,1483,405">
<area shape="rect" href="$path_8icc.html" title="path.icc" alt="" coords="1147,304,1213,330">
<area shape="rect" href="$pathdegree_8icc.html" title="path/pathdegree.icc" alt="" coords="1507,378,1643,405">
<area shape="rect" href="$path_2path_8icc.html" title="path/path.icc" alt="" coords="1195,378,1291,405">
<area shape="rect" href="$binarysimple_8icc.html" title="binarysimple.icc" alt="" coords="689,304,804,330">
