<area shape="rect" href="$graphutils_8icc.html" title="graphutils.icc" alt="" coords="3433,80,3532,106">
<area shape="rect" href="$graph_8hh.html" title="graph.hh" alt="" coords="2573,154,2645,181">
<area shape="rect" href="$var_8icc.html" title="var.icc" alt="" coords="2088,229,2147,256">
<area shape="rect" href="$view_8icc.html" title="view.icc" alt="" coords="2639,229,2705,256">
<area shape="rect" href="$path_8hh.html" title="path.hh" alt="" coords="3019,229,3083,256">
<area shape="rect" href="$binarysimple_8hh.html" title="binarysimple.hh" alt="" coords="2396,229,2508,256">
<area shape="rect" href="$branch_8icc.html" title="branch/branch.icc" alt="" coords="2797,229,2920,256">
<area shape="rect" href="$iter_8icc.html" title="view/iter.icc" alt="" coords="3123,304,3211,330">
<area shape="rect" href="$arcnode_8hh.html" title="view/arcnode.hh" alt="" coords="3437,378,3552,405">
<area shape="rect" href="$outadjsets_8icc.html" title="view/outadjsets.icc" alt="" coords="876,304,1007,330">
<area shape="rect" href="$nodearcsets_8icc.html" title="view/nodearcsets.icc" alt="" coords="1529,304,1673,330">
<area shape="rect" href="$boundsgraphs_8icc.html" title="view/boundsgraphs.icc" alt="" coords="2704,304,2856,330">
<area shape="rect" href="$nodeset_8icc.html" title="view/nodeset.icc" alt="" coords="2563,304,2680,330">
<area shape="rect" href="$prop_8icc.html" title="prop.icc" alt="" coords="2491,378,2557,405">
<area shape="rect" href="$path_8icc.html" title="path.icc" alt="" coords="2981,304,3048,330">
<area shape="rect" href="$pathdegree_8icc.html" title="path/pathdegree.icc" alt="" coords="2229,378,2365,405">
<area shape="rect" href="$path_2path_8icc.html" title="path/path.icc" alt="" coords="3317,378,3413,405">
<area shape="rect" href="$binarysimple_8icc.html" title="binarysimple.icc" alt="" coords="2323,304,2437,330">
<area shape="rect" href="$stlutility_8icc.html" title="stlutility.icc" alt="" coords="2581,378,2667,405">
