<area shape="rect" href="$graph_8hh.html" title="graph.hh" alt="" coords="1317,120,1389,147">
<area shape="rect" href="$var_8icc.html" title="var.icc" alt="" coords="1644,195,1703,222">
<area shape="rect" href="$view_8icc.html" title="view.icc" alt="" coords="2019,270,2085,296">
<area shape="rect" href="$path_8hh.html" title="path.hh" alt="" coords="483,195,547,222">
<area shape="rect" href="$binarysimple_8hh.html" title="binarysimple.hh" alt="" coords="719,270,831,296">
<area shape="rect" href="$branch_8icc.html" title="branch/branch.icc" alt="" coords="923,195,1045,222">
<area shape="rect" href="$iter_8icc.html" title="view/iter.icc" alt="" coords="1935,344,2023,371">
<area shape="rect" href="$arcnode_8hh.html" title="view/arcnode.hh" alt="" coords="421,419,536,446">
<area shape="rect" href="$outadjsets_8icc.html" title="view/outadjsets.icc" alt="" coords="3369,344,3500,371">
<area shape="rect" href="$nodearcsets_8icc.html" title="view/nodearcsets.icc" alt="" coords="2595,344,2739,371">
<area shape="rect" href="$boundsgraphs_8icc.html" title="view/boundsgraphs.icc" alt="" coords="1137,344,1289,371">
<area shape="rect" href="$nodeset_8icc.html" title="view/nodeset.icc" alt="" coords="1793,344,1911,371">
<area shape="rect" href="$prop_8icc.html" title="prop.icc" alt="" coords="1576,419,1643,446">
<area shape="rect" href="$path_8icc.html" title="path.icc" alt="" coords="1328,270,1395,296">
<area shape="rect" href="$pathdegree_8icc.html" title="path/pathdegree.icc" alt="" coords="1433,344,1569,371">
<area shape="rect" href="$path_2path_8icc.html" title="path/path.icc" alt="" coords="1313,344,1409,371">
<area shape="rect" href="$pathgraphs_8icc.html" title="path/pathgraphs.icc" alt="" coords="2805,419,2941,446">
<area shape="rect" href="$binarysimple_8icc.html" title="binarysimple.icc" alt="" coords="767,344,881,371">
<area shape="rect" href="$stlutility_8icc.html" title="stlutility.icc" alt="" coords="963,419,1048,446">
