<area shape="rect" href="$binarysimple_8icc.html" title="binarysimple.icc" alt="" coords="139,80,253,107">
<area shape="rect" href="$ejemplo6_8cc.html" title="ejemplo6.cc" alt="" coords="41,229,132,256">
<area shape="rect" href="$outadjsets_8icc.html" title="outadjsets.icc" alt="" coords="897,80,999,107">
<area shape="rect" href="$nodearcsets_8icc.html" title="nodearcsets.icc" alt="" coords="1121,155,1233,181">
<area shape="rect" href="$prop_8icc.html" title="prop.icc" alt="" coords="1076,80,1143,107">
<area shape="rect" href="$ejemplo1_8cc.html" title="ejemplo1.cc" alt="" coords="167,155,257,181">
<area shape="rect" href="$ejemplo2_8cc.html" title="ejemplo2.cc" alt="" coords="281,155,372,181">
<area shape="rect" href="$ejemplo3_8cc.html" title="ejemplo3.cc" alt="" coords="396,155,487,181">
<area shape="rect" href="$ejemplo4_8cc.html" title="ejemplo4.cc" alt="" coords="561,155,652,181">
<area shape="rect" href="$ejemplo5_8cc.html" title="ejemplo5.cc" alt="" coords="676,155,767,181">
<area shape="rect" href="$ejemplo7_8cc.html" title="ejemplo7.cc" alt="" coords="791,155,881,181">
<area shape="rect" href="$ejemplo8_8cc.html" title="ejemplo8.cc" alt="" coords="905,155,996,181">
<area shape="rect" href="$graphutils_8icc.html" title="graphutils.icc" alt="" coords="537,80,636,107">
<area shape="rect" href="$pathgraphs_8icc.html" title="pathgraphs.icc" alt="" coords="1217,80,1324,107">
<area shape="rect" href="$binarysimple_8hh.html" title="binarysimple.hh" alt="" coords="31,155,143,181">
<area shape="rect" href="$view_8icc.html" title="view.icc" alt="" coords="1051,229,1117,256">
<area shape="rect" href="$path_2path_8icc.html" title="path.icc" alt="" coords="1257,155,1324,181">
<area shape="rect" href="$path_8icc.html" title="path.icc" alt="" coords="1257,229,1324,256">
<area shape="rect" href="$path_8hh.html" title="path.hh" alt="" coords="1293,304,1357,331">
