<area shape="rect" href="$classPropagator.html" title="Propagator" alt="" coords="7,233,89,260">
<area shape="rect" href="$classGecode_1_1Graph_1_1BinaryGraphPropagator.html" title="Gecode::Graph::BinaryGraphPropagator\&lt; GDV1, Gecode::Graph::PC_GRAPH_ANY, GDV2, Gecode::Graph::PC_GRAPH_ANY \&gt;" alt="" coords="140,30,908,57">
<area shape="rect" href="$classGecode_1_1Graph_1_1BinaryGraphPropagator.html" title="Gecode::Graph::BinaryGraphPropagator\&lt; GDV1, Gecode::PC_GEN_NONE, GDV2, Gecode::PC_GEN_NONE \&gt;" alt="" coords="191,81,857,108">
<area shape="rect" href="$classGecode_1_1Graph_1_1ArcImpliesNodes.html" title="Propagator for the inherent graph constraint." alt="" coords="391,132,657,158">
<area shape="rect" href="$classGecode_1_1Graph_1_1BinaryGraphPropagator.html" title="Base class for binary propagators (Update Gecode 2.1.1)." alt="" coords="327,182,721,209">
<area shape="rect" href="$classGecode_1_1Graph_1_1PathCostPropag.html" title="Propagator for the cost&#45;based filtering for a simple&#45;path Post the constraint Path(g..." alt="" coords="388,233,660,260">
<area shape="rect" href="$classGecode_1_1Graph_1_1PathDegreePropag.html" title="Propagator for a node degree=1 constraint." alt="" coords="380,284,668,310">
<area shape="rect" href="$classGecode_1_1Graph_1_1PathPropag.html" title="Propagator for the simple path constraint." alt="" coords="401,334,647,361">
<area shape="rect" href="$classGecode_1_1Graph_1_1Simple.html" title="Propagator for a simple constraint." alt="" coords="415,385,633,412">
<area shape="rect" href="$classGecode_1_1Graph_1_1Symmetric.html" title="Propagator for a symmetric constraint If the graph &#160;has a directed Arc from &#160;to ..." alt="" coords="404,436,644,462">
<area shape="rect" href="$structGecode_1_1Graph_1_1UndirectedPropag.html" title="Propagator for the Undirected Connected Constraint (Gecode 2.1.1 Update)." alt="" coords="964,30,1284,57">
<area shape="rect" href="$structGecode_1_1Graph_1_1ComplementPropag.html" title="Propagator for the Complement graph binary constraint." alt="" coords="959,81,1289,108">
<area shape="rect" href="$structGecode_1_1Graph_1_1SubgraphPropag.html" title="Propagator for the Subgraph Constraint (Gecode 2.1.1 Update)." alt="" coords="968,132,1280,158">
