<area shape="rect" href="$graph_8hh.html" title="graph.hh" alt="" coords="2120,155,2192,182">
<area shape="rect" href="$prop_8icc.html" title="prop.icc" alt="" coords="3636,80,3703,107">
<area shape="rect" href="$var_8icc.html" title="var.icc" alt="" coords="2127,230,2185,256">
<area shape="rect" href="$view_8icc.html" title="view.icc" alt="" coords="3652,304,3719,331">
<area shape="rect" href="$path_8hh.html" title="path.hh" alt="" coords="2537,230,2601,256">
<area shape="rect" href="$binarysimple_8hh.html" title="binarysimple.hh" alt="" coords="2167,304,2279,331">
<area shape="rect" href="$branch_8icc.html" title="branch/branch.icc" alt="" coords="1980,230,2103,256">
<area shape="rect" href="$iter_8icc.html" title="view/iter.icc" alt="" coords="4132,379,4220,406">
<area shape="rect" href="$arcnode_8hh.html" title="view/arcnode.hh" alt="" coords="4241,454,4356,480">
<area shape="rect" href="$outadjsets_8icc.html" title="view/outadjsets.icc" alt="" coords="871,454,1001,480">
<area shape="rect" href="$boundsgraphs_8icc.html" title="view/boundsgraphs.icc" alt="" coords="3308,379,3460,406">
<area shape="rect" href="$nodeset_8icc.html" title="view/nodeset.icc" alt="" coords="3737,379,3855,406">
<area shape="rect" href="$path_8icc.html" title="path.icc" alt="" coords="2076,304,2143,331">
<area shape="rect" href="$pathdegree_8icc.html" title="path/pathdegree.icc" alt="" coords="1719,454,1855,480">
<area shape="rect" href="$path_2path_8icc.html" title="path/path.icc" alt="" coords="2711,379,2807,406">
<area shape="rect" href="$pathgraphs_8icc.html" title="path/pathgraphs.icc" alt="" coords="1279,454,1415,480">
<area shape="rect" href="$binarysimple_8icc.html" title="binarysimple.icc" alt="" coords="1885,379,2000,406">
<area shape="rect" href="$stlutility_8icc.html" title="stlutility.icc" alt="" coords="2132,454,2217,480">
