<area shape="rect" href="$view_8icc.html" title="view.icc" alt="" coords="739,80,805,106">
<area shape="rect" href="$graph_8hh.html" title="graph.hh" alt="" coords="665,154,737,181">
<area shape="rect" href="$binarysimple_8icc.html" title="binarysimple.icc" alt="" coords="71,229,185,256">
<area shape="rect" href="$ejemplo6_8cc.html" title="ejemplo6.cc" alt="" coords="47,378,137,405">
<area shape="rect" href="$nodearcsets_8icc.html" title="nodearcsets.icc" alt="" coords="1025,304,1137,330">
<area shape="rect" href="$prop_8icc.html" title="prop.icc" alt="" coords="945,229,1012,256">
<area shape="rect" href="$ejemplo1_8cc.html" title="ejemplo1.cc" alt="" coords="172,304,263,330">
<area shape="rect" href="$ejemplo2_8cc.html" title="ejemplo2.cc" alt="" coords="287,304,377,330">
<area shape="rect" href="$ejemplo3_8cc.html" title="ejemplo3.cc" alt="" coords="401,304,492,330">
<area shape="rect" href="$ejemplo4_8cc.html" title="ejemplo4.cc" alt="" coords="567,304,657,330">
<area shape="rect" href="$ejemplo5_8cc.html" title="ejemplo5.cc" alt="" coords="681,304,772,330">
<area shape="rect" href="$ejemplo7_8cc.html" title="ejemplo7.cc" alt="" coords="796,304,887,330">
<area shape="rect" href="$ejemplo8_8cc.html" title="ejemplo8.cc" alt="" coords="911,304,1001,330">
<area shape="rect" href="$graphutils_8icc.html" title="graphutils.icc" alt="" coords="540,229,639,256">
<area shape="rect" href="$pathgraphs_8icc.html" title="pathgraphs.icc" alt="" coords="1105,229,1212,256">
<area shape="rect" href="$binarysimple_8hh.html" title="binarysimple.hh" alt="" coords="36,304,148,330">
<area shape="rect" href="$path_2path_8icc.html" title="path.icc" alt="" coords="1161,304,1228,330">
<area shape="rect" href="$path_8icc.html" title="path.icc" alt="" coords="1161,378,1228,405">
<area shape="rect" href="$path_8hh.html" title="path.hh" alt="" coords="1197,453,1261,480">
