<area shape="rect" href="$graph_8hh.html" title="graph.hh" alt="" coords="2735,96,2807,123">
<area shape="rect" href="$var_8icc.html" title="var.icc" alt="" coords="2741,171,2800,198">
<area shape="rect" href="$view_8icc.html" title="view.icc" alt="" coords="589,246,656,272">
<area shape="rect" href="$path_8hh.html" title="path.hh" alt="" coords="988,171,1052,198">
<area shape="rect" href="$binarysimple_8hh.html" title="binarysimple.hh" alt="" coords="2648,246,2760,272">
<area shape="rect" href="$branch_8icc.html" title="branch/branch.icc" alt="" coords="2544,171,2667,198">
<area shape="rect" href="$iter_8icc.html" title="view/iter.icc" alt="" coords="263,320,351,347">
<area shape="rect" href="$arcnode_8hh.html" title="view/arcnode.hh" alt="" coords="432,395,547,422">
<area shape="rect" href="$nodearcsets_8icc.html" title="view/nodearcsets.icc" alt="" coords="3453,320,3597,347">
<area shape="rect" href="$boundsgraphs_8icc.html" title="view/boundsgraphs.icc" alt="" coords="820,320,972,347">
<area shape="rect" href="$nodeset_8icc.html" title="view/nodeset.icc" alt="" coords="527,320,644,347">
<area shape="rect" href="$prop_8icc.html" title="prop.icc" alt="" coords="2771,395,2837,422">
<area shape="rect" href="$path_8icc.html" title="path.icc" alt="" coords="2044,246,2111,272">
<area shape="rect" href="$pathdegree_8icc.html" title="path/pathdegree.icc" alt="" coords="2333,320,2469,347">
<area shape="rect" href="$path_2path_8icc.html" title="path/path.icc" alt="" coords="2029,320,2125,347">
<area shape="rect" href="$pathgraphs_8icc.html" title="path/pathgraphs.icc" alt="" coords="3243,395,3379,422">
<area shape="rect" href="$binarysimple_8icc.html" title="binarysimple.icc" alt="" coords="2875,320,2989,347">
<area shape="rect" href="$stlutility_8icc.html" title="stlutility.icc" alt="" coords="2661,395,2747,422">
