<area shape="rect" href="$graph_8hh.html" title="graph.hh" alt="" coords="2547,80,2619,107">
<area shape="rect" href="$var_8icc.html" title="var.icc" alt="" coords="2411,155,2469,182">
<area shape="rect" href="$view_8icc.html" title="view.icc" alt="" coords="2645,155,2712,182">
<area shape="rect" href="$path_8hh.html" title="path.hh" alt="" coords="3324,155,3388,182">
<area shape="rect" href="$binarysimple_8hh.html" title="binarysimple.hh" alt="" coords="2736,155,2848,182">
<area shape="rect" href="$branch_8icc.html" title="branch/branch.icc" alt="" coords="2975,155,3097,182">
<area shape="rect" href="$iter_8icc.html" title="view/iter.icc" alt="" coords="2787,230,2875,256">
<area shape="rect" href="$arcnode_8hh.html" title="view/arcnode.hh" alt="" coords="3045,304,3160,331">
<area shape="rect" href="$outadjsets_8icc.html" title="view/outadjsets.icc" alt="" coords="980,230,1111,256">
<area shape="rect" href="$nodearcsets_8icc.html" title="view/nodearcsets.icc" alt="" coords="1644,230,1788,256">
<area shape="rect" href="$boundsgraphs_8icc.html" title="view/boundsgraphs.icc" alt="" coords="2949,230,3101,256">
<area shape="rect" href="$nodeset_8icc.html" title="view/nodeset.icc" alt="" coords="2645,230,2763,256">
<area shape="rect" href="$prop_8icc.html" title="prop.icc" alt="" coords="2253,304,2320,331">
<area shape="rect" href="$path_8icc.html" title="path.icc" alt="" coords="3227,230,3293,256">
<area shape="rect" href="$pathdegree_8icc.html" title="path/pathdegree.icc" alt="" coords="2043,304,2179,331">
<area shape="rect" href="$path_2path_8icc.html" title="path/path.icc" alt="" coords="3672,304,3768,331">
<area shape="rect" href="$binarysimple_8icc.html" title="binarysimple.icc" alt="" coords="2405,230,2520,256">
<area shape="rect" href="$stlutility_8icc.html" title="stlutility.icc" alt="" coords="2395,304,2480,331">
