<area shape="rect" href="$pathdegree_8icc.html" title="path/pathdegree.icc" alt="" coords="53,379,189,405">
<area shape="rect" href="$path_2path_8icc.html" title="path/path.icc" alt="" coords="2140,80,2236,107">
<area shape="rect" href="$pathgraphs_8icc.html" title="path/pathgraphs.icc" alt="" coords="2120,155,2256,181">
<area shape="rect" href="$graph_8hh.html" title="graph.hh" alt="" coords="3013,229,3085,256">
<area shape="rect" href="$var_8icc.html" title="var.icc" alt="" coords="2648,304,2707,331">
<area shape="rect" href="$view_8icc.html" title="view.icc" alt="" coords="2731,304,2797,331">
<area shape="rect" href="$path_8hh.html" title="path.hh" alt="" coords="3653,379,3717,405">
<area shape="rect" href="$binarysimple_8hh.html" title="binarysimple.hh" alt="" coords="3087,304,3199,331">
<area shape="rect" href="$branch_8icc.html" title="branch/branch.icc" alt="" coords="3315,304,3437,331">
<area shape="rect" href="$iter_8icc.html" title="view/iter.icc" alt="" coords="2872,379,2960,405">
<area shape="rect" href="$arcnode_8hh.html" title="view/arcnode.hh" alt="" coords="3037,453,3152,480">
<area shape="rect" href="$outadjsets_8icc.html" title="view/outadjsets.icc" alt="" coords="1257,379,1388,405">
<area shape="rect" href="$nodearcsets_8icc.html" title="view/nodearcsets.icc" alt="" coords="1671,379,1815,405">
<area shape="rect" href="$boundsgraphs_8icc.html" title="view/boundsgraphs.icc" alt="" coords="3275,379,3427,405">
<area shape="rect" href="$nodeset_8icc.html" title="view/nodeset.icc" alt="" coords="2629,379,2747,405">
<area shape="rect" href="$prop_8icc.html" title="prop.icc" alt="" coords="2525,453,2592,480">
<area shape="rect" href="$binarysimple_8icc.html" title="binarysimple.icc" alt="" coords="3085,379,3200,405">
<area shape="rect" href="$stlutility_8icc.html" title="stlutility.icc" alt="" coords="2928,453,3013,480">
