<area shape="rect" href="$pathgraphs_8icc.html" title="path/pathgraphs.icc" alt="" coords="3083,144,3219,170">
<area shape="rect" href="$graph_8hh.html" title="graph.hh" alt="" coords="1193,218,1265,245">
<area shape="rect" href="$var_8icc.html" title="var.icc" alt="" coords="1631,293,1689,320">
<area shape="rect" href="$view_8icc.html" title="view.icc" alt="" coords="1791,293,1857,320">
<area shape="rect" href="$path_8hh.html" title="path.hh" alt="" coords="813,293,877,320">
<area shape="rect" href="$binarysimple_8hh.html" title="binarysimple.hh" alt="" coords="1173,293,1285,320">
<area shape="rect" href="$branch_8icc.html" title="branch/branch.icc" alt="" coords="913,293,1036,320">
<area shape="rect" href="$iter_8icc.html" title="view/iter.icc" alt="" coords="1292,368,1380,394">
<area shape="rect" href="$arcnode_8hh.html" title="view/arcnode.hh" alt="" coords="1181,442,1296,469">
<area shape="rect" href="$outadjsets_8icc.html" title="view/outadjsets.icc" alt="" coords="2913,368,3044,394">
<area shape="rect" href="$nodearcsets_8icc.html" title="view/nodearcsets.icc" alt="" coords="2441,368,2585,394">
<area shape="rect" href="$boundsgraphs_8icc.html" title="view/boundsgraphs.icc" alt="" coords="1404,368,1556,394">
<area shape="rect" href="$nodeset_8icc.html" title="view/nodeset.icc" alt="" coords="1717,368,1835,394">
<area shape="rect" href="$prop_8icc.html" title="prop.icc" alt="" coords="1768,442,1835,469">
<area shape="rect" href="$path_8icc.html" title="path.icc" alt="" coords="741,368,808,394">
<area shape="rect" href="$pathdegree_8icc.html" title="path/pathdegree.icc" alt="" coords="448,442,584,469">
<area shape="rect" href="$binarysimple_8icc.html" title="binarysimple.icc" alt="" coords="933,368,1048,394">
<area shape="rect" href="$stlutility_8icc.html" title="stlutility.icc" alt="" coords="893,442,979,469">
