<area shape="rect" href="$graph_8hh.html" title="graph.hh" alt="" coords="2405,80,2477,106">
<area shape="rect" href="$var_8icc.html" title="var.icc" alt="" coords="2684,154,2743,181">
<area shape="rect" href="$view_8icc.html" title="view.icc" alt="" coords="2031,229,2097,256">
<area shape="rect" href="$path_8hh.html" title="path.hh" alt="" coords="747,154,811,181">
<area shape="rect" href="$binarysimple_8hh.html" title="binarysimple.hh" alt="" coords="2253,229,2365,256">
<area shape="rect" href="$branch_8icc.html" title="branch/branch.icc" alt="" coords="517,154,640,181">
<area shape="rect" href="$iter_8icc.html" title="view/iter.icc" alt="" coords="421,304,509,330">
<area shape="rect" href="$arcnode_8hh.html" title="view/arcnode.hh" alt="" coords="133,378,248,405">
<area shape="rect" href="$outadjsets_8icc.html" title="view/outadjsets.icc" alt="" coords="2643,378,2773,405">
<area shape="rect" href="$nodearcsets_8icc.html" title="view/nodearcsets.icc" alt="" coords="2797,378,2941,405">
<area shape="rect" href="$boundsgraphs_8icc.html" title="view/boundsgraphs.icc" alt="" coords="2009,304,2161,330">
<area shape="rect" href="$nodeset_8icc.html" title="view/nodeset.icc" alt="" coords="280,304,397,330">
<area shape="rect" href="$path_8icc.html" title="path.icc" alt="" coords="2389,229,2456,256">
<area shape="rect" href="$pathdegree_8icc.html" title="path/pathdegree.icc" alt="" coords="3413,378,3549,405">
<area shape="rect" href="$path_2path_8icc.html" title="path/path.icc" alt="" coords="1737,304,1833,330">
<area shape="rect" href="$pathgraphs_8icc.html" title="path/pathgraphs.icc" alt="" coords="2483,378,2619,405">
<area shape="rect" href="$binarysimple_8icc.html" title="binarysimple.icc" alt="" coords="2717,304,2832,330">
<area shape="rect" href="$stlutility_8icc.html" title="stlutility.icc" alt="" coords="2323,378,2408,405">
