<area shape="rect" href="$binarysimple_8icc.html" title="binarysimple.icc" alt="" coords="349,80,464,107">
<area shape="rect" href="$ejemplo3_8cc.html" title="ejemplo3.cc" alt="" coords="120,379,211,405">
<area shape="rect" href="$ejemplo4_8cc.html" title="ejemplo4.cc" alt="" coords="5,379,96,405">
<area shape="rect" href="$binarysimple_8hh.html" title="binarysimple.hh" alt="" coords="351,155,463,181">
<area shape="rect" href="$graph_8hh.html" title="graph.hh" alt="" coords="587,229,659,256">
<area shape="rect" href="$ejemplo6_8cc.html" title="ejemplo6.cc" alt="" coords="235,379,325,405">
<area shape="rect" href="$outadjsets_8icc.html" title="outadjsets.icc" alt="" coords="711,304,812,331">
<area shape="rect" href="$nodearcsets_8icc.html" title="nodearcsets.icc" alt="" coords="859,379,971,405">
<area shape="rect" href="$prop_8icc.html" title="prop.icc" alt="" coords="887,304,953,331">
<area shape="rect" href="$ejemplo1_8cc.html" title="ejemplo1.cc" alt="" coords="693,379,784,405">
<area shape="rect" href="$ejemplo2_8cc.html" title="ejemplo2.cc" alt="" coords="995,379,1085,405">
<area shape="rect" href="$ejemplo5_8cc.html" title="ejemplo5.cc" alt="" coords="349,379,440,405">
<area shape="rect" href="$ejemplo7_8cc.html" title="ejemplo7.cc" alt="" coords="464,379,555,405">
<area shape="rect" href="$ejemplo8_8cc.html" title="ejemplo8.cc" alt="" coords="579,379,669,405">
<area shape="rect" href="$graphutils_8icc.html" title="graphutils.icc" alt="" coords="436,304,535,331">
<area shape="rect" href="$pathgraphs_8icc.html" title="pathgraphs.icc" alt="" coords="1160,304,1267,331">
<area shape="rect" href="$view_8icc.html" title="view.icc" alt="" coords="881,453,948,480">
<area shape="rect" href="$path_2path_8icc.html" title="path.icc" alt="" coords="1185,379,1252,405">
<area shape="rect" href="$path_8icc.html" title="path.icc" alt="" coords="1191,453,1257,480">
<area shape="rect" href="$path_8hh.html" title="path.hh" alt="" coords="1232,528,1296,555">
