<area shape="rect" href="$graph_8hh.html" title="graph.hh" alt="" coords="775,80,847,107">
<area shape="rect" href="$binarysimple_8icc.html" title="binarysimple.icc" alt="" coords="111,155,225,182">
<area shape="rect" href="$ejemplo6_8cc.html" title="ejemplo6.cc" alt="" coords="568,304,659,331">
<area shape="rect" href="$outadjsets_8icc.html" title="outadjsets.icc" alt="" coords="1343,155,1444,182">
<area shape="rect" href="$nodearcsets_8icc.html" title="nodearcsets.icc" alt="" coords="1045,230,1157,256">
<area shape="rect" href="$prop_8icc.html" title="prop.icc" alt="" coords="1071,155,1137,182">
<area shape="rect" href="$ejemplo1_8cc.html" title="ejemplo1.cc" alt="" coords="765,230,856,256">
<area shape="rect" href="$ejemplo2_8cc.html" title="ejemplo2.cc" alt="" coords="880,230,971,256">
<area shape="rect" href="$ejemplo3_8cc.html" title="ejemplo3.cc" alt="" coords="141,230,232,256">
<area shape="rect" href="$ejemplo4_8cc.html" title="ejemplo4.cc" alt="" coords="256,230,347,256">
<area shape="rect" href="$ejemplo5_8cc.html" title="ejemplo5.cc" alt="" coords="371,230,461,256">
<area shape="rect" href="$ejemplo7_8cc.html" title="ejemplo7.cc" alt="" coords="485,230,576,256">
<area shape="rect" href="$ejemplo8_8cc.html" title="ejemplo8.cc" alt="" coords="651,230,741,256">
<area shape="rect" href="$graphutils_8icc.html" title="graphutils.icc" alt="" coords="568,155,667,182">
<area shape="rect" href="$pathgraphs_8icc.html" title="pathgraphs.icc" alt="" coords="1212,155,1319,182">
<area shape="rect" href="$binarysimple_8hh.html" title="binarysimple.hh" alt="" coords="5,230,117,256">
<area shape="rect" href="$path_2path_8icc.html" title="path.icc" alt="" coords="1232,230,1299,256">
<area shape="rect" href="$path_8icc.html" title="path.icc" alt="" coords="1232,304,1299,331">
<area shape="rect" href="$path_8hh.html" title="path.hh" alt="" coords="1197,379,1261,406">
